PS C:\Users\MILJASS\Desktop\Smart Recomendation System> git -version
unknown option: -version
usage: git [-v | --version] [-h | --help] [-C <path>] [-c <name>=<value>]
           [--exec-path[=<path>]] [--html-path] [--man-path] [--info-path]
           [-p | --paginate | -P | --no-pager] [--no-replace-objects] [--no-lazy-fetch]
           [--no-optional-locks] [--no-advice] [--bare] [--git-dir=<path>]
           [--work-tree=<path>] [--namespace=<name>] [--config-env=<name>=<envvar>]
           <command> [<args>]
PS C:\Users\MILJASS\Desktop\Smart Recomendation System> git --version
git version 2.53.0.windows.1
PS C:\Users\MILJASS\Desktop\Smart Recomendation System> git init
Initialized empty Git repository in C:/Users/MILJASS/Desktop/Smart Recomendation System/.git/
PS C:\Users\MILJASS\Desktop\Smart Recomendation System> git status
On branch master

No commits yet

Untracked files:
  (use "git add <file>..." to include in what will be committed)
        index.html

nothing added to commit but untracked files present (use "git add" to track)
PS C:\Users\MILJASS\Desktop\Smart Recomendation System> git add index.html
PS C:\Users\MILJASS\Desktop\Smart Recomendation System> git status
On branch master

No commits yet

Changes to be committed:
  (use "git rm --cached <file>..." to unstage)
        new file:   index.html

PS C:\Users\MILJASS\Desktop\Smart Recomendation System> git commit -m "this is GUI"
[master (root-commit) 41bca21] this is GUI
 1 file changed, 14 insertions(+)
 create mode 100644 index.html
PS C:\Users\MILJASS\Desktop\Smart Recomendation System> git log
commit 41bca21f4b1b47facf87c30fafd56c48c6bc042b (HEAD -> master)
Author: jass2416 <beingjassuu@gmail.com>
Date:   Tue Apr 7 09:24:42 2026 +0530

    this is GUI